{
  "refs": {
    "home": {
      "id": "index.html"
    },
    "deeplyNested": {
      "id": "some/deeply/nested/file.html"
    }
  },
  "id": "about/index.html"
}