{
  "refs": {
    "home": {
      "id": "index.html"
    }
  },
  "id": "about/index.html"
}