{
  "id": "script",
  "refs": {
    "oneDeep": {
      "id": "some-custom-id"
    }
  }
}