{
  "refs": {
    "about": {
      "id": "about/index.html"
    }
  },
  "id": "index.html"
}