{
  "refs": {
    "build": {
      "date": "2024-01-01T00:00:00.000Z",
      "version": "v1.0.0"
    }
  },
  "id": "index.html"
}