{
  "about_title": "About",
  "id": "about/index.html"
}