{
  "refs": {
    "about": {
      "id": "about/index.html"
    }
  },
  "id": "some/deeply/nested/file.html"
}